upgrade_progression_logic.spec: PASS
PASS [request rejects before match minimum elapsed]
PASS [request before match start reason]
PASS [request rejects at active tinyfolk threshold]
PASS [threshold rejection reason]
PASS [request rejects invalid objective]
PASS [invalid objective reason]
PASS [valid request accepted]
PASS [accepted request marks used]
PASS [accepted request stores trigger user id]
PASS [accepted request stores spawned user id]
PASS [accepted request stores cooldown end]
PASS [second request rejects after one-time use]
PASS [already used rejection reason]
emergency_reinforcement_state: all checks passed
[EmergencyReinforcementService] EmergencyReinforcementService initialized
PASS [service exposes query API]
[WARN]
[EmergencyReinforcementService] Rejected reinforcement callerUserId=1101 reason=match_not_ready
PASS [request rejects before min match elapsed]
PASS [before min elapsed reason]
[WARN]
[EmergencyReinforcementService] Rejected reinforcement callerUserId=1101 reason=invalid_objective
PASS [wrong objective request rejected]
PASS [wrong objective reason]
[WARN]
[EmergencyReinforcementService] Rejected reinforcement callerUserId=1101 reason=requester_not_tinyfolk
PASS [non-tinyfolk with invalid objective rejected]
PASS [role gate precedes objective probing]
[WARN]
[EmergencyReinforcementService] Rejected reinforcement callerUserId=1101 reason=invalid_objective
PASS [invalid objective baseline reject]
PASS [invalid objective baseline reason]
PASS [rapid repeated invalid request is throttled]
PASS [rapid repeated invalid request cooldown reason]
[EmergencyReinforcementService] Accepted reinforcement callerUserId=1101 spawnedUserId=1103 objectiveId=CallCenter_A
PASS [invalid request does not consume accepted-request cooldown]
PASS [valid follow-up accepted after reject cooldown window]
[EmergencyReinforcementService] Accepted reinforcement callerUserId=1101 spawnedUserId=1103 objectiveId=CallCenter_A
PASS [valid request accepted]
PASS [valid request reason]
PASS [accepted request marks used]
PASS [accepted request picks deterministic candidate]
PASS [call no longer available after use]
PASS [candidate flagged as reinforcement]
PASS [candidate class initialized]
PASS [candidate loadout initialized]
[WARN]
[EmergencyReinforcementService] Rejected reinforcement callerUserId=1101 reason=reinforcement_already_used
PASS [second request rejected]
PASS [rapid repeat request rejects by one-time lock]
[WARN]
[EmergencyReinforcementService] Rejected reinforcement callerUserId=1101 reason=active_tinyfolk_threshold_not_met
PASS [request rejects when threshold not met]
PASS [threshold rejection reason]
[WARN]
[EmergencyReinforcementService] Rejected reinforcement callerUserId=1101 reason=objective_out_of_range
PASS [request rejects when objective is out of range]
PASS [objective out of range reason]
[WARN]
[EmergencyReinforcementService] Rejected reinforcement callerUserId=1101 reason=reinforcement_spawn_missing
PASS [request rejects when reinforcement spawn is missing]
PASS [missing reinforcement spawn reason]
[WARN]
[EmergencyReinforcementService] Rejected reinforcement callerUserId=1101 reason=reinforcement_spawn_protected
PASS [request rejects when reinforcement spawn is protected]
PASS [protected reinforcement spawn reason]
[WARN]
[EmergencyReinforcementService] Rejected reinforcement callerUserId=1101 reason=reinforcement_candidate_missing
PASS [request rejects when no reinforcement candidate exists]
PASS [missing candidate reason]
PASS [request rejects when requester is not alive]
PASS [requester alive gate rejection reason]
[WARN]
[EmergencyReinforcementService] Rejected reinforcement callerUserId=1101 reason=requester_not_tinyfolk
PASS [request rejects when requester is not Tinyfolk]
PASS [requester role rejection reason]
emergency_reinforcement_service_runtime_entrypoint: all checks passed
C:\Projects\Tinyfolk Realm of Giants\tests\capture_state.spec:3: attempt to index nil with 'GetService'
[Stack Begin]
    Script 'C'
[Stack End]

C:\Projects\Tinyfolk Realm of Giants\tests\capture_service_runtime_entrypoint.spec:3: attempt to index nil with 'GetService'
[Stack Begin]
    Script 'C'
[Stack End]

PASS [rescuer role gate rejects non-tinyfolk]
PASS [rescuer role rejection reason]
PASS [target must be downed]
PASS [target downed rejection reason]
PASS [target role gate rejects non-tinyfolk]
PASS [target role rejection reason]
PASS [rescuer must be alive]
PASS [rescuer alive rejection reason]
PASS [carried target rejected]
PASS [carried rejection reason]
PASS [protected target rejected]
PASS [safe-zone rejection reason]
PASS [out-of-range target rejected]
PASS [out-of-range rejection reason]
PASS [invalid request now rejected]
PASS [invalid request now reason]
PASS [invalid complete now rejected]
PASS [invalid complete now reason]
PASS [valid request accepted]
PASS [accepted reason]
PASS [accepted contract stores rescuer]
PASS [accepted contract stores target]
PASS [rescuer cannot hold multiple contracts]
PASS [second request rejection reason]
PASS [complete resolves active contract]
PASS [complete reason]
PASS [contract removed after completion]
PASS [short-window contract accepted]
PASS [expired contract no longer blocks request]
PASS [post-expiry request targets new user]
PASS [first participant contract accepted]
PASS [targeted player cannot start rescue]
PASS [targeted player start-recue rejection reason]
PASS [active rescuer cannot be target]
PASS [active rescuer target rejection reason]
rescue_contract_state: all checks passed
PASS [service exposes query API]
PASS [request accepted in valid baseline]
PASS [request accepted reason]
PASS [accepted contract stores rescuer]
PASS [accepted contract stores target]
PASS [baseline acceptance before cooldown test]
PASS [rapid repeat request throttled]
PASS [repeat request cooldown reason]
PASS [invalid target id rejects]
PASS [invalid target id reason]
PASS [missing target rejects]
PASS [missing target reason]
PASS [target must be downed]
PASS [target not downed reason]
PASS [request accepted before completion]
PASS [completion accepted for active contract]
PASS [completion reason]
PASS [contract cleared after completion]
PASS [baseline accepted before rejected completion]
PASS [completion rejects wrong target]
PASS [wrong target completion reason]
PASS [rejected completion preserves active contract]
PASS [rejected completion preserves rescuer attribute target]
PASS [restricted rescuer cannot request]
PASS [restricted rescuer rejection reason]
PASS [baseline accepted before rejected follow-up request]
PASS [rapid follow-up request rejected]
PASS [follow-up cooldown reason]
PASS [rejected follow-up request preserves active attribute target]
PASS [contract accepted before expiry test]
PASS [expired contract is pruned before next request]
PASS [post-expiry request targets second target]
PASS [accepted before participant overlap checks]
PASS [targeted participant cannot start another contract]
PASS [targeted participant start rejection reason]
PASS [active rescuer cannot become target]
PASS [active rescuer target rejection reason]
PASS [accepted before rescuer leave cleanup]
PASS [rescuer leave clears active contract]
PASS [rescuer leave clears active attribute]
PASS [rescuer leave clears target active attribute]
PASS [accepted before target leave cleanup]
PASS [target leave clears active contract]
PASS [target leave clears rescuer active attribute]
PASS [target leave clears target active attribute]
PASS [first parallel contract accepted]
PASS [second parallel contract accepted]
PASS [first rescuer active attribute set]
PASS [first target active attribute set]
PASS [second rescuer active attribute set]
PASS [second target active attribute set]
PASS [self rescue rejected]
PASS [self rescue rejection reason]
PASS [query request rejects missing rescuer]
PASS [query request missing rescuer reason]
PASS [query complete rejects missing rescuer]
PASS [query complete missing rescuer reason]
rescue_contract_service_runtime_entrypoint: all checks passed
PASS [same seed first fake player id]
PASS [same seed second fake player id]
PASS [same seed first fake player name]
PASS [different seed changes generated id]
PASS [assignRole sets Giant]
PASS [assignRole sets Tinyfolk]
PASS [log preserves queued order first]
PASS [log preserves queued order second]
PASS [tick starts at zero]
PASS [advanceTick increments by one]
PASS [no action executed before scheduled tick]
PASS [advanceTick increments deterministically]
PASS [scheduled action runs at target tick]
PASS [through-gap reach valid via EscapeService]
PASS [escape attempt accepted via EscapeService]
PASS [traversal-gap block accepted via EscapeService]
PASS [existing role remains unchanged]
PASS [safe-zone rejects through-gap reach]
PASS [safe-zone route does not reject direct escape attempt in current service]
PASS [escape attempt reason is accepted on current service path]
PASS [safe-zone flow does not mutate role]
PASS [capture rejects when target not downed]
PASS [rescue unsupported without service]
PASS [scoring unsupported explicit]
PASS [rescue attempt routes to rescue query API]
PASS [rescue query API reason preserved]
PASS [rescue query API invoked exactly once]
PASS [rescue query API receives rescuer id]
PASS [rescue query API receives target id]
PASS [self recovery reaches cap but not full recovery]
PASS [downTinyfolk accepted for Tinyfolk]
PASS [attemptEscapeWhileDowned rejected]
PASS [attemptEscapeWhileDowned rejection reason]
PASS [unsupported ally recovery explicit not_implemented]
PASS [downed state expiration resolves in headless flow]
PASS [non-Tinyfolk cannot enter downed state]
PASS [grab action recorded]
PASS [headless grab accepted]
PASS [headless grab exposes carrier load]
PASS [headless repeated grab rejected]
PASS [headless repeated grab capacity reason]
PASS [headless counterplay state exposed]
PASS [headless counterplay release exposed]
PASS [headless release clears carrier load]
PASS [headless release reason exposed]
headless_match_simulation: all checks passed
